#-----------------------------------------------------------
# xsim v2025.1 (64-bit)
# SW Build 6140274 on Thu May 22 00:12:29 MDT 2025
# IP Build 6138677 on Thu May 22 03:10:11 MDT 2025
# SharedData Build 6139179 on Tue May 20 17:58:58 MDT 2025
# Start of session at: Tue Sep  8 16:59:25 2026
# Process ID         : 22844
# Current directory  : D:/Homework_5/counter/counter.srcs/sim_1/new
# Command line       : xsim.exe -mode tcl -source {xsim.dir/tb_sim/xsim_script.tcl}
# Log file           : D:/Homework_5/counter/counter.srcs/sim_1/new/xsim.log
# Journal file       : D:/Homework_5/counter/counter.srcs/sim_1/new\xsim.jou
# Running On         : DESKTOP-A0T26FQ
# Platform           : Windows Server 2016 or Windows 10
# Operating System   : 26200
# Processor Detail   : 13th Gen Intel(R) Core(TM) i7-13650HX
# CPU Frequency      : 2803 MHz
# CPU Physical cores : 14
# CPU Logical cores  : 20
# Host memory        : 34053 MB
# Swap memory        : 19058 MB
# Total Virtual      : 53112 MB
# Available Virtual  : 27714 MB
#-----------------------------------------------------------
source xsim.dir/tb_sim/xsim_script.tcl
# xsim {tb_sim} -autoloadwcfg -runall
Time resolution is 1 ps
run -all
[PASS]                                                                                                                                                                                                    RESET | count = 0
[PASS]                                                                                                                                                                                                     LOAD | count = 10
[PASS]                                                                                                                                                                                        en = 1, up_down=1 | count = 13
[PASS]                                                                                                                                                                                        en = 1, up_down=1 | count = 0
[PASS]                                                                                                                                                                                                EN=0 HOLD | count = 0
[PASS]                                                                                                                                                                                          en=1, up_down=0 | count = 15
[PASS]                                                                                                                                                                                            LOAD under EN | count = 5
[PASS]                                                                                                                                                                                                    Bonus | count = 7
$finish called at time : 146 ns : File "D:/Homework_5/counter/counter.srcs/sim_1/new/tb_counter.v" Line 248
exit
INFO: [Common 17-206] Exiting xsim at Tue Sep  8 16:59:28 2026...
