Copyright 1986-2022 Xilinx, Inc. All Rights Reserved. Copyright 2022-2025 Advanced Micro Devices, Inc. All Rights Reserved.
---------------------------------------------------------------------------------------------------------------------------------------------------------------------------------------------------------------------------------
| Tool Version : Vivado v.2025.1 (win64) Build 6140274 Thu May 22 00:12:29 MDT 2025
| Date         : Tue Sep  8 17:02:48 2026
| Host         : DESKTOP-A0T26FQ running 64-bit major release  (build 9200)
| Command      : report_timing_summary -max_paths 10 -routable_nets -report_unconstrained -file counter_timing_summary_routed.rpt -pb counter_timing_summary_routed.pb -rpx counter_timing_summary_routed.rpx -warn_on_violation
| Design       : counter
| Device       : 7z020-clg400
| Speed File   : -1  PRODUCTION 1.12 2019-11-22
| Design State : Routed
---------------------------------------------------------------------------------------------------------------------------------------------------------------------------------------------------------------------------------

Timing Summary Report

------------------------------------------------------------------------------------------------
| Timer Settings
| --------------
------------------------------------------------------------------------------------------------

  Enable Multi Corner Analysis               :  Yes
  Enable Pessimism Removal                   :  Yes
  Pessimism Removal Resolution               :  Nearest Common Node
  Enable Input Delay Default Clock           :  No
  Enable Preset / Clear Arcs                 :  No
  Disable Flight Delays                      :  No
  Ignore I/O Paths                           :  No
  Timing Early Launch at Borrowing Latches   :  No
  Borrow Time for Max Delay Exceptions       :  Yes
  Merge Timing Exceptions                    :  Yes
  Inter-SLR Compensation                     :  Conservative

  Corner  Analyze    Analyze    
  Name    Max Paths  Min Paths  
  ------  ---------  ---------  
  Slow    Yes        Yes        
  Fast    Yes        Yes        


------------------------------------------------------------------------------------------------
| Report Methodology
| ------------------
------------------------------------------------------------------------------------------------

Rule       Severity          Description                  Violations  
---------  ----------------  ---------------------------  ----------  
TIMING-17  Critical Warning  Non-clocked sequential cell  4           

Note: This report is based on the most recent report_methodology run and may not be up-to-date. Run report_methodology on the current design for the latest report.



check_timing report

Table of Contents
-----------------
1. checking no_clock (4)
2. checking constant_clock (0)
3. checking pulse_width_clock (0)
4. checking unconstrained_internal_endpoints (12)
5. checking no_input_delay (8)
6. checking no_output_delay (4)
7. checking multiple_clock (0)
8. checking generated_clocks (0)
9. checking loops (0)
10. checking partial_input_delay (0)
11. checking partial_output_delay (0)
12. checking latch_loops (0)

1. checking no_clock (4)
------------------------
 There are 4 register/latch pins with no clock driven by root clock pin: clk (HIGH)


2. checking constant_clock (0)
------------------------------
 There are 0 register/latch pins with constant_clock.


3. checking pulse_width_clock (0)
---------------------------------
 There are 0 register/latch pins which need pulse_width check


4. checking unconstrained_internal_endpoints (12)
-------------------------------------------------
 There are 12 pins that are not constrained for maximum delay. (HIGH)

 There are 0 pins that are not constrained for maximum delay due to constant clock.


5. checking no_input_delay (8)
------------------------------
 There are 8 input ports with no input delay specified. (HIGH)

 There are 0 input ports with no input delay but user has a false path constraint.


6. checking no_output_delay (4)
-------------------------------
 There are 4 ports with no output delay specified. (HIGH)

 There are 0 ports with no output delay but user has a false path constraint

 There are 0 ports with no output delay but with a timing clock defined on it or propagating through it


7. checking multiple_clock (0)
------------------------------
 There are 0 register/latch pins with multiple clocks.


8. checking generated_clocks (0)
--------------------------------
 There are 0 generated clocks that are not connected to a clock source.


9. checking loops (0)
---------------------
 There are 0 combinational loops in the design.


10. checking partial_input_delay (0)
------------------------------------
 There are 0 input ports with partial input delay specified.


11. checking partial_output_delay (0)
-------------------------------------
 There are 0 ports with partial output delay specified.


12. checking latch_loops (0)
----------------------------
 There are 0 combinational latch loops in the design through latch input



------------------------------------------------------------------------------------------------
| Design Timing Summary
| ---------------------
------------------------------------------------------------------------------------------------

    WNS(ns)      TNS(ns)  TNS Failing Endpoints  TNS Total Endpoints      WHS(ns)      THS(ns)  THS Failing Endpoints  THS Total Endpoints     WPWS(ns)     TPWS(ns)  TPWS Failing Endpoints  TPWS Total Endpoints  
    -------      -------  ---------------------  -------------------      -------      -------  ---------------------  -------------------     --------     --------  ----------------------  --------------------  
        inf        0.000                      0                   16          inf        0.000                      0                   16           NA           NA                      NA                    NA  


There are no user specified timing constraints.


------------------------------------------------------------------------------------------------
| Clock Summary
| -------------
------------------------------------------------------------------------------------------------


------------------------------------------------------------------------------------------------
| Intra Clock Table
| -----------------
------------------------------------------------------------------------------------------------

Clock             WNS(ns)      TNS(ns)  TNS Failing Endpoints  TNS Total Endpoints      WHS(ns)      THS(ns)  THS Failing Endpoints  THS Total Endpoints     WPWS(ns)     TPWS(ns)  TPWS Failing Endpoints  TPWS Total Endpoints  
-----             -------      -------  ---------------------  -------------------      -------      -------  ---------------------  -------------------     --------     --------  ----------------------  --------------------  


------------------------------------------------------------------------------------------------
| Inter Clock Table
| -----------------
------------------------------------------------------------------------------------------------

From Clock    To Clock          WNS(ns)      TNS(ns)  TNS Failing Endpoints  TNS Total Endpoints      WHS(ns)      THS(ns)  THS Failing Endpoints  THS Total Endpoints  
----------    --------          -------      -------  ---------------------  -------------------      -------      -------  ---------------------  -------------------  


------------------------------------------------------------------------------------------------
| Other Path Groups Table
| -----------------------
------------------------------------------------------------------------------------------------

Path Group    From Clock    To Clock          WNS(ns)      TNS(ns)  TNS Failing Endpoints  TNS Total Endpoints      WHS(ns)      THS(ns)  THS Failing Endpoints  THS Total Endpoints  
----------    ----------    --------          -------      -------  ---------------------  -------------------      -------      -------  ---------------------  -------------------  


------------------------------------------------------------------------------------------------
| User Ignored Path Table
| -----------------------
------------------------------------------------------------------------------------------------

Path Group    From Clock    To Clock    
----------    ----------    --------    


------------------------------------------------------------------------------------------------
| Unconstrained Path Table
| ------------------------
------------------------------------------------------------------------------------------------

Path Group    From Clock    To Clock    
----------    ----------    --------    
(none)                                    


------------------------------------------------------------------------------------------------
| Timing Details
| --------------
------------------------------------------------------------------------------------------------


--------------------------------------------------------------------------------------
Path Group:  (none)
From Clock:  
  To Clock:  

Max Delay            16 Endpoints
Min Delay            16 Endpoints
--------------------------------------------------------------------------------------


Max Delay Paths
--------------------------------------------------------------------------------------
Slack:                    inf
  Source:                 count_reg[1]/C
                            (rising edge-triggered cell FDCE)
  Destination:            count[1]
                            (output port)
  Path Group:             (none)
  Path Type:              Max at Slow Process Corner
  Data Path Delay:        5.175ns  (logic 3.262ns (63.040%)  route 1.913ns (36.960%))
  Logic Levels:           2  (FDCE=1 OBUF=1)

    Location             Delay type                Incr(ns)  Path(ns)    Netlist Resource(s)
  -------------------------------------------------------------------    -------------------
    SLICE_X0Y10          FDCE                         0.000     0.000 r  count_reg[1]/C
    SLICE_X0Y10          FDCE (Prop_fdce_C_Q)         0.478     0.478 r  count_reg[1]/Q
                         net (fo=5, routed)           1.913     2.391    count_OBUF[1]
    V6                   OBUF (Prop_obuf_I_O)         2.784     5.175 r  count_OBUF[1]_inst/O
                         net (fo=0)                   0.000     5.175    count[1]
    V6                                                                r  count[1] (OUT)
  -------------------------------------------------------------------    -------------------

Slack:                    inf
  Source:                 count_reg[2]/C
                            (rising edge-triggered cell FDCE)
  Destination:            count[2]
                            (output port)
  Path Group:             (none)
  Path Type:              Max at Slow Process Corner
  Data Path Delay:        5.144ns  (logic 3.171ns (61.631%)  route 1.974ns (38.369%))
  Logic Levels:           2  (FDCE=1 OBUF=1)

    Location             Delay type                Incr(ns)  Path(ns)    Netlist Resource(s)
  -------------------------------------------------------------------    -------------------
    SLICE_X0Y10          FDCE                         0.000     0.000 r  count_reg[2]/C
    SLICE_X0Y10          FDCE (Prop_fdce_C_Q)         0.518     0.518 r  count_reg[2]/Q
                         net (fo=3, routed)           1.974     2.492    count_OBUF[2]
    V10                  OBUF (Prop_obuf_I_O)         2.653     5.144 r  count_OBUF[2]_inst/O
                         net (fo=0)                   0.000     5.144    count[2]
    V10                                                               r  count[2] (OUT)
  -------------------------------------------------------------------    -------------------

Slack:                    inf
  Source:                 count_reg[0]/C
                            (rising edge-triggered cell FDCE)
  Destination:            count[0]
                            (output port)
  Path Group:             (none)
  Path Type:              Max at Slow Process Corner
  Data Path Delay:        5.037ns  (logic 3.137ns (62.268%)  route 1.901ns (37.732%))
  Logic Levels:           2  (FDCE=1 OBUF=1)

    Location             Delay type                Incr(ns)  Path(ns)    Netlist Resource(s)
  -------------------------------------------------------------------    -------------------
    SLICE_X0Y10          FDCE                         0.000     0.000 r  count_reg[0]/C
    SLICE_X0Y10          FDCE (Prop_fdce_C_Q)         0.518     0.518 r  count_reg[0]/Q
                         net (fo=5, routed)           1.901     2.419    count_OBUF[0]
    W6                   OBUF (Prop_obuf_I_O)         2.619     5.037 r  count_OBUF[0]_inst/O
                         net (fo=0)                   0.000     5.037    count[0]
    W6                                                                r  count[0] (OUT)
  -------------------------------------------------------------------    -------------------

Slack:                    inf
  Source:                 count_reg[3]/C
                            (rising edge-triggered cell FDCE)
  Destination:            count[3]
                            (output port)
  Path Group:             (none)
  Path Type:              Max at Slow Process Corner
  Data Path Delay:        5.001ns  (logic 3.172ns (63.440%)  route 1.828ns (36.560%))
  Logic Levels:           2  (FDCE=1 OBUF=1)

    Location             Delay type                Incr(ns)  Path(ns)    Netlist Resource(s)
  -------------------------------------------------------------------    -------------------
    SLICE_X0Y10          FDCE                         0.000     0.000 r  count_reg[3]/C
    SLICE_X0Y10          FDCE (Prop_fdce_C_Q)         0.518     0.518 r  count_reg[3]/Q
                         net (fo=2, routed)           1.828     2.346    count_OBUF[3]
    V11                  OBUF (Prop_obuf_I_O)         2.654     5.001 r  count_OBUF[3]_inst/O
                         net (fo=0)                   0.000     5.001    count[3]
    V11                                                               r  count[3] (OUT)
  -------------------------------------------------------------------    -------------------

Slack:                    inf
  Source:                 up_down
                            (input port)
  Destination:            count_reg[3]/D
  Path Group:             (none)
  Path Type:              Max at Slow Process Corner
  Data Path Delay:        3.142ns  (logic 1.273ns (40.508%)  route 1.869ns (59.492%))
  Logic Levels:           3  (IBUF=1 LUT3=1 LUT6=1)

    Location             Delay type                Incr(ns)  Path(ns)    Netlist Resource(s)
  -------------------------------------------------------------------    -------------------
    U9                                                0.000     0.000 r  up_down (IN)
                         net (fo=0)                   0.000     0.000    up_down
    U9                   IBUF (Prop_ibuf_I_O)         1.025     1.025 r  up_down_IBUF_inst/O
                         net (fo=3, routed)           1.417     2.442    up_down_IBUF
    SLICE_X0Y10          LUT3 (Prop_lut3_I1_O)        0.124     2.566 r  count[3]_i_3/O
                         net (fo=1, routed)           0.452     3.018    count[3]_i_3_n_0
    SLICE_X0Y10          LUT6 (Prop_lut6_I2_O)        0.124     3.142 r  count[3]_i_2/O
                         net (fo=1, routed)           0.000     3.142    p_0_in[3]
    SLICE_X0Y10          FDCE                                         r  count_reg[3]/D
  -------------------------------------------------------------------    -------------------

Slack:                    inf
  Source:                 load
                            (input port)
  Destination:            count_reg[1]/D
  Path Group:             (none)
  Path Type:              Max at Slow Process Corner
  Data Path Delay:        3.060ns  (logic 1.167ns (38.126%)  route 1.894ns (61.874%))
  Logic Levels:           2  (IBUF=1 LUT5=1)

    Location             Delay type                Incr(ns)  Path(ns)    Netlist Resource(s)
  -------------------------------------------------------------------    -------------------
    W11                                               0.000     0.000 r  load (IN)
                         net (fo=0)                   0.000     0.000    load
    W11                  IBUF (Prop_ibuf_I_O)         1.015     1.015 r  load_IBUF_inst/O
                         net (fo=5, routed)           1.558     2.572    load_IBUF
    SLICE_X0Y10          LUT5 (Prop_lut5_I1_O)        0.152     2.724 r  count[1]_i_1/O
                         net (fo=1, routed)           0.336     3.060    p_0_in[1]
    SLICE_X0Y10          FDCE                                         r  count_reg[1]/D
  -------------------------------------------------------------------    -------------------

Slack:                    inf
  Source:                 load
                            (input port)
  Destination:            count_reg[0]/CE
  Path Group:             (none)
  Path Type:              Max at Slow Process Corner
  Data Path Delay:        3.012ns  (logic 1.139ns (37.812%)  route 1.873ns (62.188%))
  Logic Levels:           2  (IBUF=1 LUT2=1)

    Location             Delay type                Incr(ns)  Path(ns)    Netlist Resource(s)
  -------------------------------------------------------------------    -------------------
    W11                                               0.000     0.000 r  load (IN)
                         net (fo=0)                   0.000     0.000    load
    W11                  IBUF (Prop_ibuf_I_O)         1.015     1.015 r  load_IBUF_inst/O
                         net (fo=5, routed)           1.400     2.415    load_IBUF
    SLICE_X0Y12          LUT2 (Prop_lut2_I1_O)        0.124     2.539 r  count[3]_i_1/O
                         net (fo=4, routed)           0.473     3.012    count[3]_i_1_n_0
    SLICE_X0Y10          FDCE                                         r  count_reg[0]/CE
  -------------------------------------------------------------------    -------------------

Slack:                    inf
  Source:                 load
                            (input port)
  Destination:            count_reg[1]/CE
  Path Group:             (none)
  Path Type:              Max at Slow Process Corner
  Data Path Delay:        3.012ns  (logic 1.139ns (37.812%)  route 1.873ns (62.188%))
  Logic Levels:           2  (IBUF=1 LUT2=1)

    Location             Delay type                Incr(ns)  Path(ns)    Netlist Resource(s)
  -------------------------------------------------------------------    -------------------
    W11                                               0.000     0.000 r  load (IN)
                         net (fo=0)                   0.000     0.000    load
    W11                  IBUF (Prop_ibuf_I_O)         1.015     1.015 r  load_IBUF_inst/O
                         net (fo=5, routed)           1.400     2.415    load_IBUF
    SLICE_X0Y12          LUT2 (Prop_lut2_I1_O)        0.124     2.539 r  count[3]_i_1/O
                         net (fo=4, routed)           0.473     3.012    count[3]_i_1_n_0
    SLICE_X0Y10          FDCE                                         r  count_reg[1]/CE
  -------------------------------------------------------------------    -------------------

Slack:                    inf
  Source:                 load
                            (input port)
  Destination:            count_reg[2]/CE
  Path Group:             (none)
  Path Type:              Max at Slow Process Corner
  Data Path Delay:        3.012ns  (logic 1.139ns (37.812%)  route 1.873ns (62.188%))
  Logic Levels:           2  (IBUF=1 LUT2=1)

    Location             Delay type                Incr(ns)  Path(ns)    Netlist Resource(s)
  -------------------------------------------------------------------    -------------------
    W11                                               0.000     0.000 r  load (IN)
                         net (fo=0)                   0.000     0.000    load
    W11                  IBUF (Prop_ibuf_I_O)         1.015     1.015 r  load_IBUF_inst/O
                         net (fo=5, routed)           1.400     2.415    load_IBUF
    SLICE_X0Y12          LUT2 (Prop_lut2_I1_O)        0.124     2.539 r  count[3]_i_1/O
                         net (fo=4, routed)           0.473     3.012    count[3]_i_1_n_0
    SLICE_X0Y10          FDCE                                         r  count_reg[2]/CE
  -------------------------------------------------------------------    -------------------

Slack:                    inf
  Source:                 load
                            (input port)
  Destination:            count_reg[3]/CE
  Path Group:             (none)
  Path Type:              Max at Slow Process Corner
  Data Path Delay:        3.012ns  (logic 1.139ns (37.812%)  route 1.873ns (62.188%))
  Logic Levels:           2  (IBUF=1 LUT2=1)

    Location             Delay type                Incr(ns)  Path(ns)    Netlist Resource(s)
  -------------------------------------------------------------------    -------------------
    W11                                               0.000     0.000 r  load (IN)
                         net (fo=0)                   0.000     0.000    load
    W11                  IBUF (Prop_ibuf_I_O)         1.015     1.015 r  load_IBUF_inst/O
                         net (fo=5, routed)           1.400     2.415    load_IBUF
    SLICE_X0Y12          LUT2 (Prop_lut2_I1_O)        0.124     2.539 r  count[3]_i_1/O
                         net (fo=4, routed)           0.473     3.012    count[3]_i_1_n_0
    SLICE_X0Y10          FDCE                                         r  count_reg[3]/CE
  -------------------------------------------------------------------    -------------------





Min Delay Paths
--------------------------------------------------------------------------------------
Slack:                    inf
  Source:                 count_reg[1]/C
                            (rising edge-triggered cell FDCE)
  Destination:            count_reg[3]/D
  Path Group:             (none)
  Path Type:              Min at Fast Process Corner
  Data Path Delay:        0.351ns  (logic 0.246ns (70.135%)  route 0.105ns (29.865%))
  Logic Levels:           2  (FDCE=1 LUT6=1)

    Location             Delay type                Incr(ns)  Path(ns)    Netlist Resource(s)
  -------------------------------------------------------------------    -------------------
    SLICE_X0Y10          FDCE                         0.000     0.000 r  count_reg[1]/C
    SLICE_X0Y10          FDCE (Prop_fdce_C_Q)         0.148     0.148 r  count_reg[1]/Q
                         net (fo=5, routed)           0.105     0.253    count_OBUF[1]
    SLICE_X0Y10          LUT6 (Prop_lut6_I3_O)        0.098     0.351 r  count[3]_i_2/O
                         net (fo=1, routed)           0.000     0.351    p_0_in[3]
    SLICE_X0Y10          FDCE                                         r  count_reg[3]/D
  -------------------------------------------------------------------    -------------------

Slack:                    inf
  Source:                 count_reg[2]/C
                            (rising edge-triggered cell FDCE)
  Destination:            count_reg[2]/D
  Path Group:             (none)
  Path Type:              Min at Fast Process Corner
  Data Path Delay:        0.358ns  (logic 0.209ns (58.331%)  route 0.149ns (41.669%))
  Logic Levels:           2  (FDCE=1 LUT6=1)

    Location             Delay type                Incr(ns)  Path(ns)    Netlist Resource(s)
  -------------------------------------------------------------------    -------------------
    SLICE_X0Y10          FDCE                         0.000     0.000 r  count_reg[2]/C
    SLICE_X0Y10          FDCE (Prop_fdce_C_Q)         0.164     0.164 r  count_reg[2]/Q
                         net (fo=3, routed)           0.149     0.313    count_OBUF[2]
    SLICE_X0Y10          LUT6 (Prop_lut6_I4_O)        0.045     0.358 r  count[2]_i_1/O
                         net (fo=1, routed)           0.000     0.358    p_0_in[2]
    SLICE_X0Y10          FDCE                                         r  count_reg[2]/D
  -------------------------------------------------------------------    -------------------

Slack:                    inf
  Source:                 count_reg[0]/C
                            (rising edge-triggered cell FDCE)
  Destination:            count_reg[0]/D
  Path Group:             (none)
  Path Type:              Min at Fast Process Corner
  Data Path Delay:        0.466ns  (logic 0.209ns (44.804%)  route 0.257ns (55.196%))
  Logic Levels:           2  (FDCE=1 LUT3=1)

    Location             Delay type                Incr(ns)  Path(ns)    Netlist Resource(s)
  -------------------------------------------------------------------    -------------------
    SLICE_X0Y10          FDCE                         0.000     0.000 r  count_reg[0]/C
    SLICE_X0Y10          FDCE (Prop_fdce_C_Q)         0.164     0.164 f  count_reg[0]/Q
                         net (fo=5, routed)           0.257     0.421    count_OBUF[0]
    SLICE_X0Y10          LUT3 (Prop_lut3_I2_O)        0.045     0.466 r  count[0]_i_1/O
                         net (fo=1, routed)           0.000     0.466    p_0_in[0]
    SLICE_X0Y10          FDCE                                         r  count_reg[0]/D
  -------------------------------------------------------------------    -------------------

Slack:                    inf
  Source:                 count_reg[1]/C
                            (rising edge-triggered cell FDCE)
  Destination:            count_reg[1]/D
  Path Group:             (none)
  Path Type:              Min at Fast Process Corner
  Data Path Delay:        0.561ns  (logic 0.249ns (44.401%)  route 0.312ns (55.599%))
  Logic Levels:           2  (FDCE=1 LUT5=1)

    Location             Delay type                Incr(ns)  Path(ns)    Netlist Resource(s)
  -------------------------------------------------------------------    -------------------
    SLICE_X0Y10          FDCE                         0.000     0.000 r  count_reg[1]/C
    SLICE_X0Y10          FDCE (Prop_fdce_C_Q)         0.148     0.148 r  count_reg[1]/Q
                         net (fo=5, routed)           0.196     0.344    count_OBUF[1]
    SLICE_X0Y10          LUT5 (Prop_lut5_I4_O)        0.101     0.445 r  count[1]_i_1/O
                         net (fo=1, routed)           0.116     0.561    p_0_in[1]
    SLICE_X0Y10          FDCE                                         r  count_reg[1]/D
  -------------------------------------------------------------------    -------------------

Slack:                    inf
  Source:                 rst
                            (input port)
  Destination:            count_reg[0]/CLR
  Path Group:             (none)
  Path Type:              Min at Fast Process Corner
  Data Path Delay:        0.677ns  (logic 0.232ns (34.327%)  route 0.444ns (65.673%))
  Logic Levels:           1  (IBUF=1)

    Location             Delay type                Incr(ns)  Path(ns)    Netlist Resource(s)
  -------------------------------------------------------------------    -------------------
    U8                                                0.000     0.000 f  rst (IN)
                         net (fo=0)                   0.000     0.000    rst
    U8                   IBUF (Prop_ibuf_I_O)         0.232     0.232 f  rst_IBUF_inst/O
                         net (fo=4, routed)           0.444     0.677    rst_IBUF
    SLICE_X0Y10          FDCE                                         f  count_reg[0]/CLR
  -------------------------------------------------------------------    -------------------

Slack:                    inf
  Source:                 rst
                            (input port)
  Destination:            count_reg[1]/CLR
  Path Group:             (none)
  Path Type:              Min at Fast Process Corner
  Data Path Delay:        0.677ns  (logic 0.232ns (34.327%)  route 0.444ns (65.673%))
  Logic Levels:           1  (IBUF=1)

    Location             Delay type                Incr(ns)  Path(ns)    Netlist Resource(s)
  -------------------------------------------------------------------    -------------------
    U8                                                0.000     0.000 f  rst (IN)
                         net (fo=0)                   0.000     0.000    rst
    U8                   IBUF (Prop_ibuf_I_O)         0.232     0.232 f  rst_IBUF_inst/O
                         net (fo=4, routed)           0.444     0.677    rst_IBUF
    SLICE_X0Y10          FDCE                                         f  count_reg[1]/CLR
  -------------------------------------------------------------------    -------------------

Slack:                    inf
  Source:                 rst
                            (input port)
  Destination:            count_reg[2]/CLR
  Path Group:             (none)
  Path Type:              Min at Fast Process Corner
  Data Path Delay:        0.677ns  (logic 0.232ns (34.327%)  route 0.444ns (65.673%))
  Logic Levels:           1  (IBUF=1)

    Location             Delay type                Incr(ns)  Path(ns)    Netlist Resource(s)
  -------------------------------------------------------------------    -------------------
    U8                                                0.000     0.000 f  rst (IN)
                         net (fo=0)                   0.000     0.000    rst
    U8                   IBUF (Prop_ibuf_I_O)         0.232     0.232 f  rst_IBUF_inst/O
                         net (fo=4, routed)           0.444     0.677    rst_IBUF
    SLICE_X0Y10          FDCE                                         f  count_reg[2]/CLR
  -------------------------------------------------------------------    -------------------

Slack:                    inf
  Source:                 rst
                            (input port)
  Destination:            count_reg[3]/CLR
  Path Group:             (none)
  Path Type:              Min at Fast Process Corner
  Data Path Delay:        0.677ns  (logic 0.232ns (34.327%)  route 0.444ns (65.673%))
  Logic Levels:           1  (IBUF=1)

    Location             Delay type                Incr(ns)  Path(ns)    Netlist Resource(s)
  -------------------------------------------------------------------    -------------------
    U8                                                0.000     0.000 f  rst (IN)
                         net (fo=0)                   0.000     0.000    rst
    U8                   IBUF (Prop_ibuf_I_O)         0.232     0.232 f  rst_IBUF_inst/O
                         net (fo=4, routed)           0.444     0.677    rst_IBUF
    SLICE_X0Y10          FDCE                                         f  count_reg[3]/CLR
  -------------------------------------------------------------------    -------------------

Slack:                    inf
  Source:                 en
                            (input port)
  Destination:            count_reg[0]/CE
  Path Group:             (none)
  Path Type:              Min at Fast Process Corner
  Data Path Delay:        0.797ns  (logic 0.292ns (36.589%)  route 0.505ns (63.411%))
  Logic Levels:           2  (IBUF=1 LUT2=1)

    Location             Delay type                Incr(ns)  Path(ns)    Netlist Resource(s)
  -------------------------------------------------------------------    -------------------
    Y11                                               0.000     0.000 r  en (IN)
                         net (fo=0)                   0.000     0.000    en
    Y11                  IBUF (Prop_ibuf_I_O)         0.247     0.247 r  en_IBUF_inst/O
                         net (fo=1, routed)           0.339     0.586    en_IBUF
    SLICE_X0Y12          LUT2 (Prop_lut2_I0_O)        0.045     0.631 r  count[3]_i_1/O
                         net (fo=4, routed)           0.166     0.797    count[3]_i_1_n_0
    SLICE_X0Y10          FDCE                                         r  count_reg[0]/CE
  -------------------------------------------------------------------    -------------------

Slack:                    inf
  Source:                 en
                            (input port)
  Destination:            count_reg[1]/CE
  Path Group:             (none)
  Path Type:              Min at Fast Process Corner
  Data Path Delay:        0.797ns  (logic 0.292ns (36.589%)  route 0.505ns (63.411%))
  Logic Levels:           2  (IBUF=1 LUT2=1)

    Location             Delay type                Incr(ns)  Path(ns)    Netlist Resource(s)
  -------------------------------------------------------------------    -------------------
    Y11                                               0.000     0.000 r  en (IN)
                         net (fo=0)                   0.000     0.000    en
    Y11                  IBUF (Prop_ibuf_I_O)         0.247     0.247 r  en_IBUF_inst/O
                         net (fo=1, routed)           0.339     0.586    en_IBUF
    SLICE_X0Y12          LUT2 (Prop_lut2_I0_O)        0.045     0.631 r  count[3]_i_1/O
                         net (fo=4, routed)           0.166     0.797    count[3]_i_1_n_0
    SLICE_X0Y10          FDCE                                         r  count_reg[1]/CE
  -------------------------------------------------------------------    -------------------





